Feature: Connection Database
  Background: 

  Scenario Outline: create one database with name alice -- @1.1 
    Given typedb starts ... passed in 0.000s
    Given connection opens with default authentication ... passed in 0.150s
    Given connection is open: true ... passed in 0.000s
    Given connection has 0 databases ... passed in 0.002s
    When connection create database: alice ... passed in 0.042s
    Then connection has database: alice ... passed in 0.002s

  Scenario Outline: create one database with name ALICE -- @1.2 
    Given typedb starts ... passed in 0.000s
    Given connection opens with default authentication ... passed in 0.162s
    Given connection is open: true ... passed in 0.000s
    Given connection has 0 databases ... passed in 0.002s
    When connection create database: ALICE ... passed in 0.040s
    Then connection has database: ALICE ... passed in 0.002s

  Scenario Outline: create one database with name cAn-be_Like-that_WITH-a_pretty-looooooooooooong_name-and·even‿a·smile -- @1.3 
    Given typedb starts ... passed in 0.000s
    Given connection opens with default authentication ... passed in 0.160s
    Given connection is open: true ... passed in 0.000s
    Given connection has 0 databases ... passed in 0.002s
    When connection create database: cAn-be_Like-that_WITH-a_pretty-looooooooooooong_name-and·even‿a·smile ... passed in 0.035s
    Then connection has database: cAn-be_Like-that_WITH-a_pretty-looooooooooooong_name-and·even‿a·smile ... passed in 0.001s

  Scenario Outline: create one database with name 資料庫 -- @1.4 
    Given typedb starts ... passed in 0.000s
    Given connection opens with default authentication ... passed in 0.164s
    Given connection is open: true ... passed in 0.000s
    Given connection has 0 databases ... passed in 0.002s
    When connection create database: 資料庫 ... passed in 0.035s
    Then connection has database: 資料庫 ... passed in 0.001s

  Scenario: create many databases
    Given typedb starts ... passed in 0.000s
    Given connection opens with default authentication ... passed in 0.172s
    Given connection is open: true ... passed in 0.000s
    Given connection has 0 databases ... passed in 0.002s
    When connection create databases ... passed in 0.201s
      | alice   |
      | bob     |
      | charlie |
      | dylan   |
      | eve     |
      | frank   |
    Then connection has databases ... passed in 0.005s
      | alice   |
      | bob     |
      | charlie |
      | dylan   |
      | eve     |
      | frank   |

  Scenario: create many databases in parallel
    Given typedb starts ... passed in 0.000s
    Given connection opens with default authentication ... passed in 0.169s
    Given connection is open: true ... passed in 0.000s
    Given connection has 0 databases ... passed in 0.003s
    When connection create databases in parallel ... passed in 0.222s
      | alice   |
      | bob     |
      | charlie |
      | dylan   |
      | eve     |
      | frank   |
    Then connection has databases ... passed in 0.006s
      | alice   |
      | bob     |
      | charlie |
      | dylan   |
      | eve     |
      | frank   |

  Scenario: cannot create database with an incorrect name
    Given typedb starts ... passed in 0.000s
    Given connection opens with default authentication ... passed in 0.169s
    Given connection is open: true ... passed in 0.000s
    Given connection has 0 databases ... passed in 0.002s
    Then connection create database with empty name; fails ... passed in 0.002s
    Then connection create database: .; fails ... passed in 0.002s
    Then connection create database: !; fails ... passed in 0.002s
    Then connection create database: ...; fails ... passed in 0.002s
    Then connection create database: ·‿·; fails ... passed in 0.002s
    Then connection create database: 😎; fails ... passed in 0.001s
    Then connection create database: my😎database; fails ... passed in 0.001s

  Scenario: delete one database
    Given typedb starts ... passed in 0.000s
    Given connection opens with default authentication ... passed in 0.152s
    Given connection is open: true ... passed in 0.000s
    Given connection has 0 databases ... passed in 0.002s
    Given connection create database: alice ... passed in 0.040s
    When connection delete database: alice ... passed in 0.019s
    Then connection does not have database: alice ... passed in 0.002s
    Then connection has 0 databases ... passed in 0.001s

  Scenario: connection can delete many databases
    Given typedb starts ... passed in 0.000s
    Given connection opens with default authentication ... passed in 0.164s
    Given connection is open: true ... passed in 0.000s
    Given connection has 0 databases ... passed in 0.002s
    Given connection create databases ... passed in 0.234s
      | alice   |
      | bob     |
      | charlie |
      | dylan   |
      | eve     |
      | frank   |
    When connection delete databases ... passed in 0.104s
      | alice   |
      | bob     |
      | charlie |
      | dylan   |
      | eve     |
      | frank   |
    Then connection does not have databases ... passed in 0.001s
      | alice   |
      | bob     |
      | charlie |
      | dylan   |
      | eve     |
      | frank   |
    Then connection has 0 databases ... passed in 0.001s

  Scenario: delete many databases in parallel
    Given typedb starts ... passed in 0.000s
    Given connection opens with default authentication ... passed in 0.164s
    Given connection is open: true ... passed in 0.000s
    Given connection has 0 databases ... passed in 0.004s
    Given connection create databases in parallel ... passed in 0.217s
      | alice   |
      | bob     |
      | charlie |
      | dylan   |
      | eve     |
      | frank   |
    When connection delete databases in parallel ... passed in 0.104s
      | alice   |
      | bob     |
      | charlie |
      | dylan   |
      | eve     |
      | frank   |
    Then connection does not have databases ... passed in 0.002s
      | alice   |
      | bob     |
      | charlie |
      | dylan   |
      | eve     |
      | frank   |
    Then connection has 0 databases ... passed in 0.001s

  Scenario: create delete and recreate a database
    Given typedb starts ... passed in 0.000s
    Given connection opens with default authentication ... passed in 0.164s
    Given connection is open: true ... passed in 0.000s
    Given connection has 0 databases ... passed in 0.002s
    When connection create database: alice ... passed in 0.042s
    Then connection has database: alice ... passed in 0.002s
    When connection delete database: alice ... passed in 0.017s
    Then connection does not have database: alice ... passed in 0.001s
    When connection create database: alice ... passed in 0.029s
    Then connection has database: alice ... passed in 0.001s

  Scenario: delete a nonexistent database fails
    Given typedb starts ... passed in 0.000s
    Given connection opens with default authentication ... passed in 0.165s
    Given connection is open: true ... passed in 0.000s
    Given connection has 0 databases ... passed in 0.002s
    When connection delete database: typedb; fails ... passed in 0.002s

  Scenario: database cannot be deleted if it has open transactions
    Given typedb starts ... passed in 0.000s
    Given connection opens with default authentication ... passed in 0.182s
    Given connection is open: true ... passed in 0.000s
    Given connection has 0 databases ... passed in 0.002s
    When connection create database: typedb ... passed in 0.042s
    Then connection has database: typedb ... passed in 0.001s
    When connection open schema transaction for database: typedb ... passed in 0.002s
    Then transaction is open: true ... passed in 0.000s
    Then connection delete database: typedb; fails ... passed in 0.002s
    Then typeql schema query ... passed in 0.004s
      """
      define entity person;
      """
    Then connection delete database: typedb; fails ... passed in 0.003s
    Then transaction rollbacks ... passed in 0.001s
    Then transaction is open: true ... passed in 0.000s
    Then connection delete database: typedb; fails ... passed in 0.002s
    Then typeql schema query ... passed in 0.003s
      """
      define entity person;
      """
    Then transaction commits ... passed in 0.009s
    Then connection delete database: typedb ... passed in 0.019s
    Then connection does not have database: typedb ... passed in 0.001s

  Scenario Outline: database can be deleted and recreated immediately after closing schema transactions -- @1.1 
    Given typedb starts ... passed in 0.000s
    Given connection opens with default authentication ... passed in 0.146s
    Given connection is open: true ... passed in 0.000s
    Given connection has 0 databases ... passed in 0.002s
    When connection create database: typedb ... passed in 0.045s
    When connection open schema transaction for database: typedb ... passed in 0.002s
    Then transaction closes ... passed in 0.001s
    Then connection delete database: typedb ... passed in 0.016s
    Then connection does not have database: typedb ... passed in 0.001s
    When connection create database: typedb ... passed in 0.034s
    Then connection has database: typedb ... passed in 0.001s

  Scenario Outline: database can be deleted and recreated immediately after closing write transactions -- @1.2 
    Given typedb starts ... passed in 0.000s
    Given connection opens with default authentication ... passed in 0.144s
    Given connection is open: true ... passed in 0.000s
    Given connection has 0 databases ... passed in 0.002s
    When connection create database: typedb ... passed in 0.032s
    When connection open write transaction for database: typedb ... passed in 0.002s
    Then transaction closes ... passed in 0.001s
    Then connection delete database: typedb ... passed in 0.016s
    Then connection does not have database: typedb ... passed in 0.001s
    When connection create database: typedb ... passed in 0.035s
    Then connection has database: typedb ... passed in 0.001s

  Scenario Outline: database can be deleted and recreated immediately after closing read transactions -- @1.3 
    Given typedb starts ... passed in 0.000s
    Given connection opens with default authentication ... passed in 0.199s
    Given connection is open: true ... passed in 0.000s
    Given connection has 0 databases ... passed in 0.002s
    When connection create database: typedb ... passed in 0.055s
    When connection open read transaction for database: typedb ... passed in 0.003s
    Then transaction closes ... passed in 0.002s
    Then connection delete database: typedb ... passed in 0.035s
    Then connection does not have database: typedb ... passed in 0.001s
    When connection create database: typedb ... passed in 0.043s
    Then connection has database: typedb ... passed in 0.002s

1 feature passed, 0 failed, 0 skipped
16 scenarios passed, 0 failed, 0 skipped
137 steps passed, 0 failed, 0 skipped, 0 undefined
Took 0m4.510s
