=====================================================================================
     ________ __      __ _____    _______  _____    _____       _______  _______
    |__    __|\  \  /  /|   _  \ |   _   ||   _  \ |   _  \    |   _   ||   _   |
       |  |    \  \/  / |  | |  ||  | |__||  | |  ||  | |  |   |  | |  ||  | |__|
       |  |     \    /  |  |/  / |  |___  |  | |  ||  |/  /    |  | |__||  |___
       |  |      |  |   |   __/  |   ___| |  | |  ||   _  \    |  |  __ |   ___|
       |  |      |  |   |  |     |  |  __ |  | |  ||  | |  |   |  | |  ||  |  __
       |  |      |  |   |  |     |  |_|  ||  |/  / |  |/  /    |  |_|  ||  |_|  |
       |__|      |__|   |__|     |_______||_____/  |_____/     |_______||_______|

=====================================================================================

Running TypeDB CE 3.12.3 in development mode.
Serving:
  gRPC:       127.0.0.1:1729
  HTTP:       127.0.0.1:8729
  Admin:      disabled
  Monitoring: disabled
TLS: disabled
  WARNING: TLS NOT ENABLED. Credentials are transmitted unencrypted in plaintext.
  Drivers must be configured to connect *without TLS*.

To connect:
  Studio:  https://studio.typedb.com/connect?address=http://127.0.0.1:8729&username=admin
  Console: typedb console --address 127.0.0.1:1729 --tls-disabled --username admin

2026-08-20T10:02:08.254979Z  INFO ThreadId(01) server/lib.rs:485: 
Ready!
2026-08-20T10:02:11.314637Z  INFO ThreadId(02) server/service/grpc/migration/export_service.rs:137: Export 'typedb' from TypeDB 3.12.3 finished successfully. 98 items exported in 0 seconds.
2026-08-20T10:02:16.487322Z  INFO ThreadId(04) server/service/grpc/migration/import_service.rs:252: Import to 'typedb-exported' finished successfully. 96 items imported in 3 seconds.
2026-08-20T10:02:20.727170Z  INFO ThreadId(04) server/service/grpc/migration/import_service.rs:252: Import to 'typedb-exported-relaxed' finished successfully. 96 items imported in 3 seconds.
2026-08-20T10:02:22.948073Z  INFO ThreadId(03) server/service/grpc/migration/export_service.rs:137: Export 'typedb' from TypeDB 3.12.3 finished successfully. 3 items exported in 0 seconds.
2026-08-20T10:02:22.962895Z  INFO ThreadId(02) server/service/grpc/migration/export_service.rs:137: Export 'typedb' from TypeDB 3.12.3 finished successfully. 3 items exported in 0 seconds.
2026-08-20T10:02:23.974415Z  INFO ThreadId(03) server/service/grpc/migration/export_service.rs:137: Export 'typedb' from TypeDB 3.12.3 finished successfully. 3 items exported in 0 seconds.
2026-08-20T10:02:24.539565Z  INFO ThreadId(02) server/service/grpc/migration/export_service.rs:137: Export 'typedb' from TypeDB 3.12.3 finished successfully. 3 items exported in 0 seconds.
2026-08-20T10:02:25.074193Z  INFO ThreadId(03) server/service/grpc/migration/export_service.rs:137: Export 'typedb' from TypeDB 3.12.3 finished successfully. 3 items exported in 0 seconds.
2026-08-20T10:02:25.122625Z  INFO ThreadId(05) server/service/grpc/migration/import_service.rs:260: Import to 'typedb-imported' finished without completion after 0 seconds.
2026-08-20T10:02:25.180800Z  INFO ThreadId(02) server/service/grpc/migration/import_service.rs:260: Import to 'typedb-imported' finished without completion after 0 seconds.
2026-08-20T10:02:25.253746Z  INFO ThreadId(02) server/service/grpc/migration/import_service.rs:260: Import to 'typedb-imported' finished without completion after 0 seconds.
2026-08-20T10:02:25.363385Z  INFO ThreadId(05) server/service/grpc/migration/import_service.rs:260: Import to 'typedb-imported' finished without completion after 0 seconds.
2026-08-20T10:02:25.801401Z  INFO ThreadId(05) server/service/grpc/migration/export_service.rs:137: Export 'typedb' from TypeDB 3.12.3 finished successfully. 2 items exported in 0 seconds.
2026-08-20T10:02:26.067337Z  INFO ThreadId(03) server/service/grpc/migration/import_service.rs:252: Import to 'typedb-clone' finished successfully. 0 items imported in 0 seconds.
2026-08-20T10:02:26.148794Z  INFO ThreadId(02) server/service/grpc/migration/export_service.rs:137: Export 'typedb-clone' from TypeDB 3.12.3 finished successfully. 2 items exported in 0 seconds.
2026-08-20T10:02:26.409069Z  INFO ThreadId(02) server/service/grpc/migration/import_service.rs:252: Import to 'typedb-clone-2' finished successfully. 0 items imported in 0 seconds.
2026-08-20T10:02:27.156445Z  INFO ThreadId(02) server/service/grpc/migration/export_service.rs:137: Export 'typedb' from TypeDB 3.12.3 finished successfully. 4 items exported in 0 seconds.
2026-08-20T10:02:27.162675Z  INFO ThreadId(03) server/service/grpc/migration/export_service.rs:137: Export 'untypedb' from TypeDB 3.12.3 finished successfully. 4 items exported in 0 seconds.
2026-08-20T10:02:27.168284Z  INFO ThreadId(04) server/service/grpc/migration/export_service.rs:137: Export 'notypedb' from TypeDB 3.12.3 finished successfully. 2 items exported in 0 seconds.
2026-08-20T10:02:27.277000Z  INFO ThreadId(03) server/service/grpc/migration/import_service.rs:260: Import to 'newtypedb' finished without completion after 0 seconds.
2026-08-20T10:02:27.377477Z  INFO ThreadId(05) server/service/grpc/migration/import_service.rs:260: Import to 'newtypedb' finished without completion after 0 seconds.
2026-08-20T10:02:27.478476Z  INFO ThreadId(05) server/service/grpc/migration/import_service.rs:260: Import to 'newtypedb' finished without completion after 0 seconds.
2026-08-20T10:02:27.585372Z  INFO ThreadId(03) server/service/grpc/migration/import_service.rs:260: Import to 'newtypedb' finished without completion after 0 seconds.
2026-08-20T10:02:27.885817Z  INFO ThreadId(03) server/service/grpc/migration/import_service.rs:252: Import to 'newtypedb' finished successfully. 2 items imported in 0 seconds.
2026-08-20T10:02:28.297121Z  INFO ThreadId(02) server/service/grpc/migration/import_service.rs:252: Import to 'newuntypedb' finished successfully. 2 items imported in 0 seconds.
2026-08-20T10:02:28.446213Z  INFO ThreadId(03) server/service/grpc/migration/import_service.rs:252: Import to 'newnotypedb' finished successfully. 0 items imported in 0 seconds.
2026-08-20T10:02:30.036254Z  INFO ThreadId(02) server/service/grpc/migration/export_service.rs:137: Export 'typedb' from TypeDB 3.12.3 finished successfully. 28 items exported in 0 seconds.
2026-08-20T10:02:30.420232Z  INFO ThreadId(05) server/service/grpc/migration/import_service.rs:252: Import to 'typedb-clone' finished successfully. 26 items imported in 0 seconds.

Received SIGTERM. Initiating shutdown...
Exited.
