=====================================================================================
     ________ __      __ _____    _______  _____    _____       _______  _______
    |__    __|\  \  /  /|   _  \ |   _   ||   _  \ |   _  \    |   _   ||   _   |
       |  |    \  \/  / |  | |  ||  | |__||  | |  ||  | |  |   |  | |  ||  | |__|
       |  |     \    /  |  |/  / |  |___  |  | |  ||  |/  /    |  | |__||  |___
       |  |      |  |   |   __/  |   ___| |  | |  ||   _  \    |  |  __ |   ___|
       |  |      |  |   |  |     |  |  __ |  | |  ||  | |  |   |  | |  ||  |  __
       |  |      |  |   |  |     |  |_|  ||  |/  / |  |/  /    |  |_|  ||  |_|  |
       |__|      |__|   |__|     |_______||_____/  |_____/     |_______||_______|

=====================================================================================

Running TypeDB CE 3.12.3 in development mode.
Serving:
  gRPC:       127.0.0.1:1729
  HTTP:       127.0.0.1:8729
  Admin:      disabled
  Monitoring: disabled
TLS: disabled
  WARNING: TLS NOT ENABLED. Credentials are transmitted unencrypted in plaintext.
  Drivers must be configured to connect *without TLS*.

To connect:
  Studio:  https://studio.typedb.com/connect?address=http://127.0.0.1:8729&username=admin
  Console: typedb console --address 127.0.0.1:1729 --tls-disabled --username admin

2026-08-20T09:59:23.462629Z  INFO ThreadId(01) server/lib.rs:485: 
Ready!
2026-08-20T09:59:24.983353Z  INFO ThreadId(04) server/service/grpc/migration/export_service.rs:137: Export 'typedb' from TypeDB 3.12.3 finished successfully. 98 items exported in 0 seconds.
2026-08-20T09:59:25.641355Z  INFO ThreadId(04) server/service/grpc/migration/import_service.rs:252: Import to 'typedb-exported' finished successfully. 96 items imported in 0 seconds.
2026-08-20T09:59:26.247857Z  INFO ThreadId(04) server/service/grpc/migration/import_service.rs:252: Import to 'typedb-exported-relaxed' finished successfully. 96 items imported in 0 seconds.
2026-08-20T09:59:27.096669Z  INFO ThreadId(05) server/service/grpc/migration/export_service.rs:137: Export 'typedb' from TypeDB 3.12.3 finished successfully. 3 items exported in 0 seconds.
2026-08-20T09:59:27.104803Z  INFO ThreadId(02) server/service/grpc/migration/export_service.rs:137: Export 'typedb' from TypeDB 3.12.3 finished successfully. 3 items exported in 0 seconds.
2026-08-20T09:59:27.891781Z  INFO ThreadId(02) server/service/grpc/migration/export_service.rs:137: Export 'typedb' from TypeDB 3.12.3 finished successfully. 3 items exported in 0 seconds.
2026-08-20T09:59:28.256711Z  INFO ThreadId(02) server/service/grpc/migration/export_service.rs:137: Export 'typedb' from TypeDB 3.12.3 finished successfully. 3 items exported in 0 seconds.
2026-08-20T09:59:28.614079Z  INFO ThreadId(02) server/service/grpc/migration/export_service.rs:137: Export 'typedb' from TypeDB 3.12.3 finished successfully. 3 items exported in 0 seconds.
2026-08-20T09:59:28.642589Z  INFO ThreadId(03) server/service/grpc/migration/import_service.rs:260: Import to 'typedb-imported' finished without completion after 0 seconds.
2026-08-20T09:59:28.684697Z  INFO ThreadId(02) server/service/grpc/migration/import_service.rs:260: Import to 'typedb-imported' finished without completion after 0 seconds.
2026-08-20T09:59:28.724439Z  INFO ThreadId(05) server/service/grpc/migration/import_service.rs:260: Import to 'typedb-imported' finished without completion after 0 seconds.
2026-08-20T09:59:28.771955Z  INFO ThreadId(02) server/service/grpc/migration/import_service.rs:260: Import to 'typedb-imported' finished without completion after 0 seconds.
2026-08-20T09:59:29.177077Z  INFO ThreadId(02) server/service/grpc/migration/export_service.rs:137: Export 'typedb' from TypeDB 3.12.3 finished successfully. 2 items exported in 0 seconds.
2026-08-20T09:59:29.338693Z  INFO ThreadId(05) server/service/grpc/migration/import_service.rs:252: Import to 'typedb-clone' finished successfully. 0 items imported in 0 seconds.
2026-08-20T09:59:29.371141Z  INFO ThreadId(03) server/service/grpc/migration/export_service.rs:137: Export 'typedb-clone' from TypeDB 3.12.3 finished successfully. 2 items exported in 0 seconds.
2026-08-20T09:59:29.489492Z  INFO ThreadId(02) server/service/grpc/migration/import_service.rs:252: Import to 'typedb-clone-2' finished successfully. 0 items imported in 0 seconds.
2026-08-20T09:59:29.996845Z  INFO ThreadId(03) server/service/grpc/migration/export_service.rs:137: Export 'typedb' from TypeDB 3.12.3 finished successfully. 4 items exported in 0 seconds.
2026-08-20T09:59:30.000324Z  INFO ThreadId(03) server/service/grpc/migration/export_service.rs:137: Export 'untypedb' from TypeDB 3.12.3 finished successfully. 4 items exported in 0 seconds.
2026-08-20T09:59:30.003467Z  INFO ThreadId(05) server/service/grpc/migration/export_service.rs:137: Export 'notypedb' from TypeDB 3.12.3 finished successfully. 2 items exported in 0 seconds.
2026-08-20T09:59:30.048243Z  INFO ThreadId(03) server/service/grpc/migration/import_service.rs:260: Import to 'newtypedb' finished without completion after 0 seconds.
2026-08-20T09:59:30.096030Z  INFO ThreadId(05) server/service/grpc/migration/import_service.rs:260: Import to 'newtypedb' finished without completion after 0 seconds.
2026-08-20T09:59:30.144548Z  INFO ThreadId(02) server/service/grpc/migration/import_service.rs:260: Import to 'newtypedb' finished without completion after 0 seconds.
2026-08-20T09:59:30.182003Z  INFO ThreadId(05) server/service/grpc/migration/import_service.rs:260: Import to 'newtypedb' finished without completion after 0 seconds.
2026-08-20T09:59:30.294964Z  INFO ThreadId(05) server/service/grpc/migration/import_service.rs:252: Import to 'newtypedb' finished successfully. 2 items imported in 0 seconds.
2026-08-20T09:59:30.407463Z  INFO ThreadId(05) server/service/grpc/migration/import_service.rs:252: Import to 'newuntypedb' finished successfully. 2 items imported in 0 seconds.
2026-08-20T09:59:30.484482Z  INFO ThreadId(03) server/service/grpc/migration/import_service.rs:252: Import to 'newnotypedb' finished successfully. 0 items imported in 0 seconds.
2026-08-20T09:59:31.212760Z  INFO ThreadId(03) server/service/grpc/migration/export_service.rs:137: Export 'typedb' from TypeDB 3.12.3 finished successfully. 28 items exported in 0 seconds.
2026-08-20T09:59:31.351664Z  INFO ThreadId(02) server/service/grpc/migration/import_service.rs:252: Import to 'typedb-clone' finished successfully. 26 items imported in 0 seconds.

Received SIGTERM. Initiating shutdown...
Exited.
